{
  "status": "PASS",
  "summary": {
    "subjectsExpected": 4,
    "subjectsFetched": 4,
    "technicalFailures": 0,
    "exactIdBindingPass": 4,
    "subjectsWithFullDateCandidateInDataRoot": 4,
    "singleCommonFullDatePath": true
  },
  "semantics": {
    "authoritySurface": "FotMob player page __NEXT_DATA__",
    "dataRoot": "$.props.pageProps.data",
    "dateOfBirthPath": "$.props.pageProps.data.meta.personJSONLD.birthDate",
    "precision": "DAY",
    "acceptedFormat": "YYYY-MM-DD or ISO datetime carrying an exact YYYY-MM-DD",
    "ageOnlyAccepted": false,
    "yearOnlyAccepted": false,
    "identityBoundByExactFotmobPlayerId": true,
    "dobUsedForIdentitySelection": false,
    "commonFullDateCandidatePaths": [
      "$.props.pageProps.data.meta.personJSONLD.birthDate"
    ],
    "values": [
      {
        "fotmobPlayerId": 1190371,
        "dateOfBirth": "2003-02-11",
        "rawValue": "2003-02-11T00:00:00.000Z"
      },
      {
        "fotmobPlayerId": 1024432,
        "dateOfBirth": "2000-02-05",
        "rawValue": "2000-02-05T00:00:00.000Z"
      },
      {
        "fotmobPlayerId": 1529483,
        "dateOfBirth": "2006-02-20",
        "rawValue": "2006-02-20T00:00:00.000Z"
      },
      {
        "fotmobPlayerId": 1379468,
        "dateOfBirth": "2000-08-31",
        "rawValue": "2000-08-31T00:00:00.000Z"
      }
    ]
  }
}
